[2026-01-23T23:41:55.823Z] --- OAUTH REQUEST RECEIVED ---
[2026-01-23T23:42:02.145Z] --- OAUTH REQUEST RECEIVED ---
[2026-01-23T23:47:08.337Z] --- OAUTH REQUEST RECEIVED ---
[2026-01-23T23:47:08.628Z] User authorized: f9aff10a-cbd9-4a0b-9941-4313d52a6faf
[2026-01-23T23:47:08.629Z] Short-lived token received: YES
[2026-01-23T23:47:08.631Z] Attempting token exchange with Facebook...
[2026-01-23T23:47:08.857Z] Exchange status: 200
[2026-01-23T23:47:08.859Z] Long-lived token obtained.
[2026-01-23T23:47:08.859Z] Fetching user pages...
[2026-01-23T23:47:09.185Z] Pages Fetch status: 200
[2026-01-23T23:47:09.186Z] Found 3 pages.
[2026-01-23T23:49:29.167Z] --- OAUTH REQUEST RECEIVED ---
[2026-01-23T23:49:29.470Z] User authorized: f9aff10a-cbd9-4a0b-9941-4313d52a6faf
[2026-01-23T23:49:29.471Z] Short-lived token received: YES
[2026-01-23T23:49:29.472Z] Attempting token exchange with Facebook...
[2026-01-23T23:49:29.655Z] Exchange status: 200
[2026-01-23T23:49:29.657Z] Long-lived token obtained.
[2026-01-23T23:49:29.657Z] Fetching user pages...
[2026-01-23T23:49:30.080Z] Pages Fetch status: 200
[2026-01-23T23:49:30.081Z] Found 3 pages.
[2026-01-23T23:49:30.082Z] Selected account: Bauntex (IG ID: 17841478729323644)
[2026-01-23T23:49:30.082Z] Credentials encrypted.
[2026-01-23T23:49:30.082Z] Looking for user workspace...
[2026-01-23T23:49:30.199Z] User has no workspace. Attempting to find/create one...
[2026-01-23T23:49:30.199Z] Target workspace ID: undefined
[2026-01-23T23:49:30.199Z] Upserting channel to database...
[2026-01-23T23:49:30.200Z] FATAL OAUTH ERROR: Cannot read properties of null (reading 'workspace_id')
[2026-01-23T23:50:57.077Z] --- OAUTH REQUEST RECEIVED ---
[2026-01-23T23:50:57.200Z] User authorized: f9aff10a-cbd9-4a0b-9941-4313d52a6faf
[2026-01-23T23:50:57.201Z] Short-lived token received: YES
[2026-01-23T23:50:57.203Z] Attempting token exchange with Facebook...
[2026-01-23T23:50:57.328Z] Exchange status: 200
[2026-01-23T23:50:57.329Z] Long-lived token obtained.
[2026-01-23T23:50:57.329Z] Fetching user pages...
[2026-01-23T23:50:57.638Z] Pages Fetch status: 200
[2026-01-23T23:50:57.639Z] Found 3 pages.
[2026-01-23T23:50:57.640Z] Selected account: Bauntex (IG ID: 17841478729323644)
[2026-01-23T23:50:57.641Z] Credentials encrypted.
[2026-01-23T23:50:57.641Z] Looking for user workspace...
[2026-01-23T23:50:57.748Z] User has no workspace. Attempting to auto-create [ADMIN]...
[2026-01-23T23:50:57.954Z] Note: Workspace link error (trigger?): invalid input value for enum user_role: "owner"
[2026-01-23T23:50:57.955Z] Target workspace ID: 4ba775f8-0051-47f3-8662-a128f15bdd98
[2026-01-23T23:50:57.955Z] Upserting channel to database...
[2026-01-23T23:50:58.071Z] Channel successfully upserted.
[2026-01-23T23:50:58.071Z] Starting initial message sync...
[2026-01-23T23:50:58.540Z] Initial message sync failed: (#3) Application does not have the capability to make this API call.
[2026-01-23T23:50:58.541Z] OAuth Process Finished Successfully.
[2026-01-23T23:57:01.368Z] --- OAUTH REQUEST RECEIVED ---
[2026-01-23T23:57:01.549Z] User authorized: f9aff10a-cbd9-4a0b-9941-4313d52a6faf
[2026-01-23T23:57:01.550Z] Short-lived token received: YES
[2026-01-23T23:57:01.551Z] Attempting token exchange with Facebook...
[2026-01-23T23:57:01.723Z] Exchange status: 200
[2026-01-23T23:57:01.724Z] Long-lived token obtained.
[2026-01-23T23:57:01.725Z] Fetching user pages...
[2026-01-23T23:57:02.171Z] Pages Fetch status: 200
[2026-01-23T23:57:02.173Z] Found 3 pages.
[2026-01-23T23:57:02.173Z] Selected account: Bauntex (IG ID: 17841478729323644)
[2026-01-23T23:57:02.174Z] Credentials encrypted.
[2026-01-23T23:57:02.175Z] Looking for user workspace...
[2026-01-23T23:57:02.332Z] User has no workspace. Attempting to auto-create [ADMIN]...
[2026-01-23T23:57:02.679Z] Note: Workspace link error (trigger?): invalid input value for enum user_role: "owner"
[2026-01-23T23:57:02.680Z] Target workspace ID: 0710f6dc-e58c-4edc-b4e9-51e0804d9fb0
[2026-01-23T23:57:02.680Z] Upserting channel to database...
[2026-01-23T23:57:02.841Z] Channel successfully upserted.
[2026-01-23T23:57:02.841Z] Starting initial message sync...
[2026-01-23T23:57:03.283Z] Initial message sync failed: (#3) Application does not have the capability to make this API call.
[2026-01-23T23:57:03.283Z] OAuth Process Finished Successfully.
[2026-01-24T00:05:33.195Z] --- OAUTH REQUEST RECEIVED ---
[2026-01-24T00:05:33.831Z] User authorized: f9aff10a-cbd9-4a0b-9941-4313d52a6faf
[2026-01-24T00:05:33.832Z] Short-lived token received: YES
[2026-01-24T00:05:33.834Z] Attempting token exchange with Facebook...
[2026-01-24T00:05:34.029Z] Exchange status: 200
[2026-01-24T00:05:34.030Z] Long-lived token obtained.
[2026-01-24T00:05:34.030Z] Fetching user pages...
[2026-01-24T00:05:34.447Z] Pages Fetch status: 200
[2026-01-24T00:05:34.448Z] Found 3 pages.
[2026-01-24T00:05:34.448Z] Selected account: Bauntex (IG ID: 17841478729323644)
[2026-01-24T00:05:34.449Z] Credentials encrypted.
[2026-01-24T00:05:34.449Z] Looking for user workspace...
[2026-01-24T00:05:34.822Z] User has no workspace. Attempting to auto-create [ADMIN]...
[2026-01-24T00:05:35.050Z] Note: Workspace link error (trigger?): invalid input value for enum user_role: "owner"
[2026-01-24T00:05:35.051Z] Target workspace ID: 892f826c-0520-41de-9f89-aeb0e66bd863
[2026-01-24T00:05:35.051Z] Upserting channel to database...
[2026-01-24T00:05:35.178Z] Channel successfully upserted.
[2026-01-24T00:05:35.179Z] Starting initial message sync...
[2026-01-24T00:05:35.768Z] Initial message sync failed: (#3) Application does not have the capability to make this API call.
[2026-01-24T00:05:35.768Z] OAuth Process Finished Successfully.
[2026-01-24T00:06:05.603Z] --- OAUTH REQUEST RECEIVED ---
[2026-01-24T00:06:05.724Z] User authorized: f9aff10a-cbd9-4a0b-9941-4313d52a6faf
[2026-01-24T00:06:05.725Z] Short-lived token received: YES
[2026-01-24T00:06:05.726Z] Attempting token exchange with Facebook...
[2026-01-24T00:06:05.904Z] Exchange status: 200
[2026-01-24T00:06:05.905Z] Long-lived token obtained.
[2026-01-24T00:06:05.906Z] Fetching user pages...
[2026-01-24T00:06:06.496Z] Pages Fetch status: 200
[2026-01-24T00:06:06.497Z] Found 3 pages.
[2026-01-24T00:06:06.498Z] Selected account: Bauntex (IG ID: 17841478729323644)
[2026-01-24T00:06:06.498Z] Credentials encrypted.
[2026-01-24T00:06:06.498Z] Looking for user workspace...
[2026-01-24T00:06:06.604Z] User has no workspace. Attempting to auto-create [ADMIN]...
[2026-01-24T00:06:06.774Z] Note: Workspace link error (trigger?): invalid input value for enum user_role: "owner"
[2026-01-24T00:06:06.774Z] Target workspace ID: f0f102f6-f82c-4d24-895c-fb3685b10010
[2026-01-24T00:06:06.775Z] Upserting channel to database...
[2026-01-24T00:06:06.864Z] Channel successfully upserted.
[2026-01-24T00:06:06.864Z] Starting initial message sync...
[2026-01-24T00:06:07.482Z] Initial message sync failed: (#3) Application does not have the capability to make this API call.
[2026-01-24T00:06:07.483Z] OAuth Process Finished Successfully.
[2026-01-24T19:01:23.895Z] [STATUS_API] Checking connection status...
[2026-01-24T19:01:24.169Z] [STATUS_API] User f9aff10a-cbd9-4a0b-9941-4313d52a6faf has no linked workspace.
[2026-01-24T19:01:24.180Z] [STATUS_API] Checking connection status...
[2026-01-24T19:01:24.369Z] [STATUS_API] User f9aff10a-cbd9-4a0b-9941-4313d52a6faf has no linked workspace.
[2026-01-24T19:08:33.821Z] [STATUS_API] Checking connection status...
[2026-01-24T19:08:34.150Z] [STATUS_API] User f9aff10a-cbd9-4a0b-9941-4313d52a6faf has no linked workspace.
[2026-01-25T21:45:28.328Z] [STATUS_API] Checking connection status...
[2026-01-25T21:45:28.553Z] [STATUS_API] User b08ba1d8-7715-4203-bcf5-ab9362cb8428 has no linked workspace.
[2026-01-25T21:45:28.563Z] [STATUS_API] Checking connection status...
[2026-01-25T21:45:28.761Z] [STATUS_API] User b08ba1d8-7715-4203-bcf5-ab9362cb8428 has no linked workspace.
[2026-02-04T10:12:37.665Z] [STATUS_API] Checking connection status...
[2026-02-04T10:12:38.028Z] [STATUS_API] Workspace found: 787b4961-1398-4f01-8cd0-5e393902338b
[2026-02-04T10:12:38.204Z] [STATUS_API] No instagram_dm channel found for workspace 787b4961-1398-4f01-8cd0-5e393902338b
[2026-02-04T10:12:38.319Z] [STATUS_API] Checking connection status...
[2026-02-04T10:12:38.488Z] [STATUS_API] Workspace found: 787b4961-1398-4f01-8cd0-5e393902338b
[2026-02-04T10:12:38.579Z] [STATUS_API] No instagram_dm channel found for workspace 787b4961-1398-4f01-8cd0-5e393902338b
[2026-02-04T10:25:42.861Z] [STATUS_API] Checking connection status...
[2026-02-04T10:25:43.431Z] [STATUS_API] Workspace found: 787b4961-1398-4f01-8cd0-5e393902338b
[2026-02-04T10:25:43.631Z] [STATUS_API] No channels found for workspace 787b4961-1398-4f01-8cd0-5e393902338b
[2026-02-04T10:25:43.642Z] [STATUS_API] Checking connection status...
[2026-02-04T10:25:43.871Z] [STATUS_API] Workspace found: 787b4961-1398-4f01-8cd0-5e393902338b
[2026-02-04T10:25:43.991Z] [STATUS_API] No channels found for workspace 787b4961-1398-4f01-8cd0-5e393902338b
[2026-02-04T10:26:39.207Z] [STATUS_API] Checking connection status...
[2026-02-04T10:26:39.396Z] [STATUS_API] Workspace found: 2086c0f3-4410-4c14-89e8-0b8fa81784d5
[2026-02-04T10:26:39.491Z] [STATUS_API] No channels found for workspace 2086c0f3-4410-4c14-89e8-0b8fa81784d5
[2026-02-04T10:26:39.503Z] [STATUS_API] Checking connection status...
[2026-02-04T10:26:39.680Z] [STATUS_API] Workspace found: 2086c0f3-4410-4c14-89e8-0b8fa81784d5
[2026-02-04T10:26:39.780Z] [STATUS_API] No channels found for workspace 2086c0f3-4410-4c14-89e8-0b8fa81784d5
[2026-02-04T10:27:58.526Z] [STATUS_API] Checking connection status...
[2026-02-04T10:27:58.719Z] [STATUS_API] Workspace found: 2086c0f3-4410-4c14-89e8-0b8fa81784d5
[2026-02-04T10:27:58.870Z] [STATUS_API] No channels found for workspace 2086c0f3-4410-4c14-89e8-0b8fa81784d5
[2026-02-04T10:35:23.842Z] [STATUS_API] Checking connection status...
[2026-02-04T10:35:24.104Z] [STATUS_API] Workspace found: 2086c0f3-4410-4c14-89e8-0b8fa81784d5
[2026-02-04T10:35:24.255Z] [STATUS_API] No channels found for workspace 2086c0f3-4410-4c14-89e8-0b8fa81784d5
[2026-02-04T10:35:24.642Z] [STATUS_API] Checking connection status...
[2026-02-04T10:35:24.865Z] [STATUS_API] Workspace found: 787b4961-1398-4f01-8cd0-5e393902338b
[2026-02-04T10:35:24.964Z] [STATUS_API] No channels found for workspace 787b4961-1398-4f01-8cd0-5e393902338b
[2026-02-04T10:35:25.212Z] [STATUS_API] Checking connection status...
[2026-02-04T10:35:25.415Z] [STATUS_API] Workspace found: 2086c0f3-4410-4c14-89e8-0b8fa81784d5
[2026-02-04T10:35:25.514Z] [STATUS_API] No channels found for workspace 2086c0f3-4410-4c14-89e8-0b8fa81784d5
[2026-02-04T12:22:21.272Z] [STATUS_API] Checking connection status...
[2026-02-04T12:22:21.531Z] [STATUS_API] Workspace found: 872a43ab-bd5d-424f-8beb-9565ead21896
[2026-02-04T12:22:21.691Z] [STATUS_API] No channels found for workspace 872a43ab-bd5d-424f-8beb-9565ead21896
[2026-02-04T12:22:21.701Z] [STATUS_API] Checking connection status...
[2026-02-04T12:22:21.962Z] [STATUS_API] Workspace found: 872a43ab-bd5d-424f-8beb-9565ead21896
[2026-02-04T12:22:22.051Z] [STATUS_API] No channels found for workspace 872a43ab-bd5d-424f-8beb-9565ead21896
[2026-02-04T12:31:51.192Z] [STATUS_API] Checking connection status...
[2026-02-04T12:31:51.416Z] [STATUS_API] Workspace found: 872a43ab-bd5d-424f-8beb-9565ead21896
[2026-02-04T12:31:51.566Z] [STATUS_API] No channels found for workspace 872a43ab-bd5d-424f-8beb-9565ead21896
[2026-02-04T12:31:51.573Z] [STATUS_API] Checking connection status...
[2026-02-04T12:31:51.733Z] [STATUS_API] Workspace found: 872a43ab-bd5d-424f-8beb-9565ead21896
[2026-02-04T12:31:51.816Z] [STATUS_API] No channels found for workspace 872a43ab-bd5d-424f-8beb-9565ead21896
[2026-02-04T13:47:46.360Z] [STATUS_API] Checking connection status...
[2026-02-04T13:47:46.742Z] [STATUS_API] Workspace found: 872a43ab-bd5d-424f-8beb-9565ead21896
[2026-02-04T13:47:46.881Z] [STATUS_API] No channels found for workspace 872a43ab-bd5d-424f-8beb-9565ead21896
[2026-02-04T13:47:46.891Z] [STATUS_API] Checking connection status...
[2026-02-04T13:47:47.071Z] [STATUS_API] Workspace found: 872a43ab-bd5d-424f-8beb-9565ead21896
[2026-02-04T13:47:47.162Z] [STATUS_API] No channels found for workspace 872a43ab-bd5d-424f-8beb-9565ead21896
[2026-02-04T13:47:48.375Z] [STATUS_API] Checking connection status...
[2026-02-04T13:47:48.592Z] [STATUS_API] Workspace found: 872a43ab-bd5d-424f-8beb-9565ead21896
[2026-02-04T13:47:48.672Z] [STATUS_API] No channels found for workspace 872a43ab-bd5d-424f-8beb-9565ead21896
[2026-02-04T13:47:48.681Z] [STATUS_API] Checking connection status...
[2026-02-04T13:47:48.883Z] [STATUS_API] Workspace found: 872a43ab-bd5d-424f-8beb-9565ead21896
[2026-02-04T13:47:48.962Z] [STATUS_API] No channels found for workspace 872a43ab-bd5d-424f-8beb-9565ead21896
